- when booting, yubikey and fingerprint blink for several seconds, why??
  fingerprint: likely fixed. configs/fprintd/python3-validity-override.conf set Restart=always RestartSec=2
  while systemd's default start limit is 5 starts per 10s, so a sensor that is not ready right after usb
  enumeration got re-powered five times back to back and the unit ended up failed anyway. now
  StartLimitIntervalSec=300 / StartLimitBurst=10 / RestartSec=15. confirm on the notebook:
  systemctl status python3-validity && journalctl -b -u python3-validity
  yubikey: not reproducible on luca-pc. journalctl -b shows nothing touching it at boot, pcscd.service is
  inactive (socket-activated only) and pam has no u2f in system-login. check on the notebook with
  journalctl -b -o short-monotonic | grep -iE 'pcscd|scdaemon|u2f|fido|yubi|p11' before changing anything.
  open-fprintd suspend/resume units are now only enabled where a sensor exists (configs/fprintd/link.sh).

- manual steps after generation 486:
    - force-push the rewritten history (obs token, contributors, Generation: N messages), rotate the twitch alertbox
      token: git push --force-with-lease=master:3be231423323beeda142f7cc6d893d576776509c origin master
    - run config.sh (sudo): patches 01 to 07, firefox autoconfig, ly, gamemode + group (re-login), lact, tor-router;
      install hunspell-en_us
    - sudo pacman -S noto-fonts-extra powerline-fonts stirling-pdf-bin (reinstall)
    - yay -S vkbasalt lib32-vkbasalt, or wait for the lsck0 mirror
    - fancontrol drop-in: sudo install -Dm644 configs/fancontrol/fancontrol-regen.conf
      /etc/systemd/system/fancontrol.service.d/regen.conf && sudo systemctl daemon-reload
    - configs/pipewire/link.sh, then systemctl --user restart pipewire-pulse
    - configs/spotify/link.sh with spotify closed
    - configs/tlp/link.sh
    - configs/networkmanager/link.sh, then update the router's dhcp reservations to the new mac addresses
    - reboot: binfmt, ip_forward, grub, AQ_DRM_DEVICES
    - bios: identify board revision, update (F13d for rev 1.0/1.1), x3d turbo mode disabled, ccd/smt auto, fast
      boot, memory context restore, re-enroll secure boot keys; then nproc should say 32
    - lsck0 mirror must build bloodhound-cli, netexec, obs-vkcapture, lib32-obs-vkcapture,
      certipy-ad, bloodyad, kerbrute-bin, dnsx-bin, amass-bin, theharvester, semgrep-bin, proton-cachyos
      (aur names unverified, the e2e yay fallback or the builder reveals a typo)
    - alpaca is a flatpak, installed by install.sh; configs/alpaca/link.sh seeds the ollama and vllm instances
    - retake showcase1.png and showcase2.png (mac address, lan ip, radar region visible)
    - nvim :Lazy clean (git-worktree.nvim removed), rm -rf ~/.tmux/plugins

- verify by hand:
    - zathura alt+click jumps nvim/emacs to the line, saving under \ll moves the pdf
    - <leader>gc / SPC g c and <leader>gf in an sdd bare repo, wtree and hms list bare worktrees
    - emacs: file tree l/h/H/a/d and markers, M-q, M-x, tab buffer cycling, emacs ~/projects/x
    - dolphin: no terminal panel, f4 does nothing
    - firefox new tab shows the weblinks start page
    - obs: va-api encoders on navi 32, twitch bandwidth test, super+shift+f9 replay buffer, super+f9 save
    - obs open turns dnd on, closing obs restores it
    - gamemoderun: shader/blur/animations off and restored, card1 performance level high, games pinned to the
      v-cache ccd (taskset -cp) once x3d turbo mode is off; mangohud shift_r+f12; vkbasalt
    - color grading presets, night light, shaders, vkbasalt, grading survives dpms
    - audio lanes (spotify, discord, games level matched) and the mixer
    - power saver kicks in on battery
    - fastfetch greets only in the first terminal of a session
    - toggles menu markers match each toggle's state
    - network panel live graphs
    - tablet: lifting the pen mid-stroke ends the stroke
    - super+m mutes discord
    - firewall toggle cycles default/restrictive/off, protonvpn kill switch, tor-router, kde connect pairing

- open:
    - layered pass: base desktop (secure, performant, private, battery), then socials, gaming, programming, security
    - converging install (after the base layer): ledger of what install.sh installed/enabled, only ledger entries
      dropped from install.sh get removed (dry run + confirm, asdeps first, deny list for base/kernel/boot/firmware),
      hand-installed packages and units only reported as drift; replaces removal patches
    - wsl platform luca-wsl (after the base layer): groups base + programming only, gui
      programming tools included (wslg); arch wsl image, no bootstrap/disk/boot stage; split hardware/boot/power
      daemons out of [base] into their own group so base is a userland baseline; FORM_FACTOR=wsl; link.sh that
      touch hardware, boot, pam or display skip on wsl
      stage 1 on wsl starts in a root shell of the fresh arch image: `bootstrap.sh luca-wsl` skips disk/luks/boot
      and only does pacman keyring init + -Syu, user creation with password, wheel in sudoers, wsl.conf
      (default user, systemd=true, hostname=luca-wsl) from configs, signed clone into the user's home, then says
      `wsl --terminate archlinux` and continues as the user with install.sh + config.sh
    - quickshell consolidation: the remaining phases (Commons, Ui, plugin registry)
    - quickshell segfaulted on a pipewire node removal (Repeater rebuilt mid-destruction, crash report in
      ~/.cache/quickshell/crashes); the crash restart execs over the same pid, so the old children (wl-paste,
      python3) stay <defunct> until quickshell is restarted
    - homelab builder deploy: src/scripts/archrepo-build.sh reads mirror/overrides.conf, deploy it to the builder
    - timeshift's weekly schedule needs /etc/cron.d/timeshift-hourly, which only the first timeshift run writes;
      configs/boot/timeshift/link.sh writes timeshift.json without it (luca-pc got it on 2026-10-05, had 0 snapshots)
    - hypridle's 900 s brightnessctl dim is a no-op on luca-pc (ddc monitors); a ddc save/restore would need its own
      script, left out for now
